22:12:56 **** Incremental Build of configuration Debug for project ICbasis ****
make -j12 all 
arm-none-eabi-gcc "../Core/Src/main.c" -mcpu=cortex-m4 -std=gnu11 -g3 -DDEBUG -DUSE_HAL_DRIVER -DSTM32F407xx -c -I../Core/Inc -I../Drivers/STM32F4xx_HAL_Driver/Inc -I../Drivers/STM32F4xx_HAL_Driver/Inc/Legacy -I../Drivers/CMSIS/Device/ST/STM32F4xx/Include -I../Drivers/CMSIS/Include -O0 -ffunction-sections -fdata-sections -Wall -fstack-usage -fcyclomatic-complexity -MMD -MP -MF"Core/Src/main.d" -MT"Core/Src/main.o" --specs=nano.specs -mfpu=fpv4-sp-d16 -mfloat-abi=hard -mthumb -o "Core/Src/main.o"
arm-none-eabi-gcc -o "ICbasis.elf" @"objects.list"   -mcpu=cortex-m4 -T"/home/bhavan/Documents/STM32/ICbasis/STM32F407ZETX_FLASH.ld" --specs=nosys.specs -Wl,-Map="ICbasis.map" -Wl,--gc-sections -static --specs=nano.specs -mfpu=fpv4-sp-d16 -mfloat-abi=hard -mthumb -Wl,--start-group -lc -lm -Wl,--end-group
Finished building target: ICbasis.elf
 
arm-none-eabi-size  ICbasis.elf 
arm-none-eabi-objdump -h -S ICbasis.elf  > "ICbasis.list"
   text	   data	    bss	    dec	    hex	filename
  13236	     12	   1724	  14972	   3a7c	ICbasis.elf
Finished building: default.size.stdout
 
Finished building: ICbasis.list
 

22:12:56 Build Finished. 0 errors, 0 warnings. (took 324ms)

